// Jest Snapshot v1, https://goo.gl/fbAQLP

exports[`Pruebas en el <GifGridPanel /> Debe mostrar el componente correctamente 1`] = `
<div
  className="card animate__animated callout-subtitle animate__animated animate__zoomInDown"
>
  <p>
    Gif: 
    Titulo prueba
  </p>
  <img
    alt="Titulo prueba"
    src="https://localhost/algo.jpg"
  />
</div>
`;
